// Jest Snapshot v1, https://goo.gl/fbAQLP

exports[`<App /> should match snapshot 1`] = `
<div
  className="App"
>
  <div
    className="images"
  >
    <div>
      <h3 />
    </div>
    <div>
      <strong />
    </div>
    <div>
      <img
        width="720px"
      />
    </div>
    <div>
      <p />
    </div>
  </div>
</div>
`;
